2026-01-29 00:00:42.980 [main] INFO  page.HomePage - HomePage loaded successfully - State: NOT_LOGGED_IN
2026-01-29 00:01:23.110 [main] INFO  common.CommonTest - [Register Test] Reached HomePage successfully
2026-01-29 00:01:43.178 [main] INFO  common.CommonTest - [Register Test] Test PASSED & Already on HomePage -> No cleanup needed
2026-01-29 00:01:43.179 [main] INFO  common.CommonTest - [Register Test] ========== CLEANUP COMPLETED ==========

2026-01-29 00:01:43.182 [main] INFO  common.CommonTest - 
[Register Test] ========== TEST STARTED ==========
2026-01-29 00:02:23.310 [main] INFO  common.CommonTest - [Register Test] Current state: NOT_LOGGED_IN
2026-01-29 00:03:03.422 [main] INFO  common.CommonTest - [Register Test] Already on HomePage (state: NOT_LOGGED_IN)
2026-01-29 00:03:03.436 [main] INFO  listeners.TestListener - >>> Starting Test: registerFailedWithAllFieldsEmpty <<<
2026-01-29 00:03:03.437 [main] INFO  page.HomePage - Clicking Register button
2026-01-29 00:04:34.276 [main] INFO  page.RegisterPage - Attempting registration expecting failure with email: 
2026-01-29 00:04:34.277 [main] INFO  page.RegisterPage - Filling registration form...
2026-01-29 00:04:37.009 [main] INFO  page.RegisterPage - Registration form filled completely
2026-01-29 00:04:37.009 [main] INFO  page.RegisterPage - Clicking Create Account button
2026-01-29 00:04:37.856 [main] INFO  common.CommonTest - 
[Register Test] ========== CLEANUP STARTED ==========
2026-01-29 00:04:37.856 [main] INFO  common.CommonTest - [Register Test] Test Status: PASSED
2026-01-29 00:04:44.346 [main] INFO  page.HomePage - Waiting for HomePage to load...
2026-01-29 00:06:04.555 [main] INFO  page.HomePage - HomePage loaded successfully - State: NOT_LOGGED_IN
2026-01-29 00:06:44.655 [main] INFO  common.CommonTest - [Register Test] Reached HomePage successfully
2026-01-29 00:07:04.750 [main] INFO  common.CommonTest - [Register Test] Test PASSED & Already on HomePage -> No cleanup needed
2026-01-29 00:07:04.750 [main] INFO  common.CommonTest - [Register Test] ========== CLEANUP COMPLETED ==========

2026-01-29 00:07:04.752 [main] INFO  common.CommonTest - 
[Register Test] ========== TEST STARTED ==========
2026-01-29 00:07:44.841 [main] INFO  common.CommonTest - [Register Test] Current state: NOT_LOGGED_IN
2026-01-29 00:08:24.954 [main] INFO  common.CommonTest - [Register Test] Already on HomePage (state: NOT_LOGGED_IN)
2026-01-29 00:08:24.960 [main] INFO  listeners.TestListener - >>> Starting Test: registerSuccessfullyWithSpecialCharactersInName <<<
2026-01-29 00:08:24.962 [main] INFO  page.HomePage - Clicking Register button
2026-01-29 00:09:55.819 [main] INFO  page.RegisterPage - Attempting registration with email: specialchar@gmail.com
2026-01-29 00:09:55.820 [main] INFO  page.RegisterPage - Filling registration form...
2026-01-29 00:09:59.317 [main] INFO  page.RegisterPage - Registration form filled completely
2026-01-29 00:09:59.317 [main] INFO  page.RegisterPage - Clicking Create Account button
2026-01-29 00:10:01.023 [main] INFO  page.HomePage - Waiting for HomePage to load...
2026-01-29 00:11:15.815 [main] ERROR page.HomePage - HomePage failed to load within timeout
2026-01-29 00:11:15.815 [main] ERROR page.HomePage - HomePage failed to load - Exception: HomePage failed to load within 10 seconds
2026-01-29 00:11:15.821 [main] ERROR listeners.TestListener - Test FAILED: registerSuccessfullyWithSpecialCharactersInName
2026-01-29 00:11:18.160 [main] INFO  org.example.utils.ScreenshotUtils - Screenshot saved: exports/screenshots\RegisterTest.registerSuccessfullyWithSpecialCharactersInName_Thread1_FAILED_20260129_001117.png
2026-01-29 00:11:18.195 [main] INFO  common.CommonTest - 
[Register Test] ========== CLEANUP STARTED ==========
2026-01-29 00:11:18.195 [main] INFO  common.CommonTest - [Register Test] Test Status: FAILED
2026-01-29 00:11:18.195 [main] INFO  common.CommonTest - [Register Test] Test FAILED -> Clearing data only (no logout to save time)
2026-01-29 00:11:18.195 [main] INFO  common.CommonTest - [Register Test] Clearing app data (no logout)...
2026-01-29 00:11:24.808 [main] INFO  page.HomePage - Waiting for HomePage to load...
2026-01-29 00:12:45.025 [main] INFO  page.HomePage - HomePage loaded successfully - State: NOT_LOGGED_IN
2026-01-29 00:13:25.139 [main] INFO  common.CommonTest - [Register Test] Reached HomePage successfully
2026-01-29 00:13:25.139 [main] INFO  common.CommonTest - [Register Test] App data cleared successfully
2026-01-29 00:13:25.139 [main] INFO  common.CommonTest - [Register Test] ========== CLEANUP COMPLETED ==========

2026-01-29 00:13:25.145 [main] INFO  common.CommonTest - 
[Register Test] ========== TEST STARTED ==========
2026-01-29 00:14:05.254 [main] INFO  common.CommonTest - [Register Test] Current state: NOT_LOGGED_IN
2026-01-29 00:14:45.355 [main] INFO  common.CommonTest - [Register Test] Already on HomePage (state: NOT_LOGGED_IN)
2026-01-29 00:14:45.360 [main] INFO  listeners.TestListener - >>> Starting Test: registerSuccessfullyWithNumbersInName <<<
2026-01-29 00:14:45.363 [main] INFO  page.HomePage - Clicking Register button
2026-01-29 00:16:16.220 [main] INFO  page.RegisterPage - Attempting registration with email: numbertest@gmail.com
2026-01-29 00:16:16.222 [main] INFO  page.RegisterPage - Filling registration form...
2026-01-29 00:16:19.855 [main] INFO  page.RegisterPage - Registration form filled completely
2026-01-29 00:16:19.855 [main] INFO  page.RegisterPage - Clicking Create Account button
2026-01-29 00:16:20.410 [main] INFO  page.HomePage - Waiting for HomePage to load...
2026-01-29 00:17:33.270 [main] INFO  page.HomePage - HomePage loaded successfully - State: LOGGED_IN
2026-01-29 00:17:33.271 [main] INFO  page.RegisterPage - Registration successful - navigated to HomePage
2026-01-29 00:18:03.344 [main] INFO  common.CommonTest - 
[Register Test] ========== CLEANUP STARTED ==========
2026-01-29 00:18:03.345 [main] INFO  common.CommonTest - [Register Test] Test Status: PASSED
2026-01-29 00:19:03.507 [main] INFO  common.CommonTest - [Register Test] Test PASSED & Logged in -> Performing logout
2026-01-29 00:19:03.507 [main] INFO  common.CommonTest - [Register Test] Logging out...
2026-01-29 00:19:03.509 [main] INFO  page.BasePage - Clicking Account menu item
2026-01-29 00:20:34.370 [main] INFO  page.AccountPage - Scrolling to Sign Out button and performing logout
2026-01-29 00:20:35.405 [main] INFO  page.AccountPage - Clicking Sign Out button
2026-01-29 00:20:37.404 [main] INFO  page.AccountPage - Confirming sign out
2026-01-29 00:20:38.056 [main] INFO  page.AccountPage - Sign out confirmed - modal closed
2026-01-29 00:20:38.057 [main] INFO  page.HomePage - Waiting for HomePage to load...
2026-01-29 00:21:58.820 [main] INFO  page.HomePage - HomePage loaded successfully - State: NOT_LOGGED_IN
2026-01-29 00:21:58.821 [main] INFO  common.CommonTest - [Register Test] Logged out successfully
2026-01-29 00:21:58.821 [main] INFO  common.CommonTest - [Register Test] ========== CLEANUP COMPLETED ==========

2026-01-29 00:21:58.825 [main] INFO  common.CommonTest - 
[Register Test] ========== TEST STARTED ==========
2026-01-29 00:22:38.937 [main] INFO  common.CommonTest - [Register Test] Current state: NOT_LOGGED_IN
2026-01-29 00:23:19.034 [main] INFO  common.CommonTest - [Register Test] Already on HomePage (state: NOT_LOGGED_IN)
2026-01-29 00:23:19.038 [main] INFO  listeners.TestListener - >>> Starting Test: registerFailedWithPasswordMissingNumber <<<
2026-01-29 00:23:19.040 [main] INFO  page.HomePage - Clicking Register button
2026-01-29 00:24:49.926 [main] INFO  page.RegisterPage - Attempting registration expecting failure with email: validtest@gmail.com
2026-01-29 00:24:49.927 [main] INFO  page.RegisterPage - Filling registration form...
2026-01-29 00:24:53.431 [main] INFO  page.RegisterPage - Registration form filled completely
2026-01-29 00:24:53.431 [main] INFO  page.RegisterPage - Clicking Create Account button
2026-01-29 00:24:54.821 [main] INFO  common.CommonTest - 
[Register Test] ========== CLEANUP STARTED ==========
2026-01-29 00:24:54.822 [main] INFO  common.CommonTest - [Register Test] Test Status: PASSED
2026-01-29 00:25:01.511 [main] INFO  page.HomePage - Waiting for HomePage to load...
2026-01-29 00:26:21.719 [main] INFO  page.HomePage - HomePage loaded successfully - State: NOT_LOGGED_IN
2026-01-29 00:27:01.817 [main] INFO  common.CommonTest - [Register Test] Reached HomePage successfully
2026-01-29 00:27:21.883 [main] INFO  common.CommonTest - [Register Test] Test PASSED & Already on HomePage -> No cleanup needed
2026-01-29 00:27:21.883 [main] INFO  common.CommonTest - [Register Test] ========== CLEANUP COMPLETED ==========

2026-01-29 00:27:21.887 [main] INFO  common.CommonTest - 
[Register Test] ========== TEST STARTED ==========
2026-01-29 00:28:01.989 [main] INFO  common.CommonTest - [Register Test] Current state: NOT_LOGGED_IN
2026-01-29 00:28:42.117 [main] INFO  common.CommonTest - [Register Test] Already on HomePage (state: NOT_LOGGED_IN)
2026-01-29 00:28:42.124 [main] INFO  listeners.TestListener - >>> Starting Test: registerWithMinimumValidFullName <<<
2026-01-29 00:28:42.125 [main] INFO  page.HomePage - Clicking Register button
2026-01-29 00:30:12.966 [main] INFO  page.RegisterPage - Attempting registration with email: minname@gmail.com
2026-01-29 00:30:12.967 [main] INFO  page.RegisterPage - Filling registration form...
2026-01-29 00:30:16.767 [main] INFO  page.RegisterPage - Registration form filled completely
2026-01-29 00:30:16.767 [main] INFO  page.RegisterPage - Clicking Create Account button
2026-01-29 00:30:17.900 [main] INFO  page.HomePage - Waiting for HomePage to load...
2026-01-29 00:31:21.802 [main] INFO  page.HomePage - HomePage loaded successfully - State: LOGGED_IN
2026-01-29 00:31:21.802 [main] INFO  page.RegisterPage - Registration successful - navigated to HomePage
2026-01-29 00:31:51.875 [main] INFO  common.CommonTest - 
[Register Test] ========== CLEANUP STARTED ==========
2026-01-29 00:31:51.875 [main] INFO  common.CommonTest - [Register Test] Test Status: PASSED
2026-01-29 00:32:52.019 [main] INFO  common.CommonTest - [Register Test] Test PASSED & Logged in -> Performing logout
2026-01-29 00:32:52.020 [main] INFO  common.CommonTest - [Register Test] Logging out...
2026-01-29 00:32:52.021 [main] INFO  page.BasePage - Clicking Account menu item
2026-01-29 00:34:22.920 [main] INFO  page.AccountPage - Scrolling to Sign Out button and performing logout
2026-01-29 00:34:23.954 [main] INFO  page.AccountPage - Clicking Sign Out button
2026-01-29 00:34:25.954 [main] INFO  page.AccountPage - Confirming sign out
2026-01-29 00:34:26.630 [main] INFO  page.AccountPage - Sign out confirmed - modal closed
2026-01-29 00:34:26.631 [main] INFO  page.HomePage - Waiting for HomePage to load...
2026-01-29 00:35:47.401 [main] INFO  page.HomePage - HomePage loaded successfully - State: NOT_LOGGED_IN
2026-01-29 00:35:47.402 [main] INFO  common.CommonTest - [Register Test] Logged out successfully
2026-01-29 00:35:47.402 [main] INFO  common.CommonTest - [Register Test] ========== CLEANUP COMPLETED ==========

2026-01-29 00:35:47.408 [main] INFO  common.AppFlowManager - 
[AppFlow] Handling app launch...
2026-01-29 00:35:47.940 [main] INFO  common.AppFlowManager - [AppFlow] App activated successfully via ADB
2026-01-29 00:35:47.941 [main] INFO  common.AppFlowManager - [AppFlow] Using cached state - Onboarding already handled
2026-01-29 00:36:28.054 [main] INFO  common.AppFlowManager - [AppFlow] On Home Page - State: NOT_LOGGED_IN
2026-01-29 00:36:28.056 [main] INFO  common.CommonTest - [Login Test] ========== TEST SUITE STARTED ==========
2026-01-29 00:36:28.058 [main] INFO  common.CommonTest - 
[Login Test] ========== TEST STARTED ==========
2026-01-29 00:37:08.172 [main] INFO  common.CommonTest - [Login Test] Current state: NOT_LOGGED_IN
2026-01-29 00:37:48.282 [main] INFO  common.CommonTest - [Login Test] Already on HomePage (state: NOT_LOGGED_IN)
2026-01-29 00:37:48.294 [main] INFO  listeners.TestListener - >>> Starting Test: loginSuccessfullyWithValidCredentials <<<
2026-01-29 00:37:48.299 [main] INFO  page.HomePage - Clicking Sign In button
2026-01-29 00:39:19.120 [main] INFO  page.LoginPage - Attempting login with email: khoadang1510@gmail.com
2026-01-29 00:39:19.121 [main] INFO  page.LoginPage - Filling login form for email: khoadang1510@gmail.com
2026-01-29 00:39:21.324 [main] INFO  page.LoginPage - Clicking Sign In button
2026-01-29 00:39:24.049 [main] INFO  page.HomePage - Waiting for HomePage to load...
2026-01-29 00:40:39.447 [main] ERROR page.HomePage - HomePage failed to load within timeout
2026-01-29 00:40:39.447 [main] ERROR page.HomePage - HomePage failed to load - Exception: HomePage failed to load within 10 seconds
2026-01-29 00:40:39.449 [main] ERROR listeners.TestListener - Test FAILED: loginSuccessfullyWithValidCredentials
2026-01-29 00:40:40.667 [main] INFO  org.example.utils.ScreenshotUtils - Screenshot saved: exports/screenshots\LoginTest.loginSuccessfullyWithValidCredentials_Thread1_FAILED_20260129_004040.png
2026-01-29 00:40:40.675 [main] INFO  common.CommonTest - 
[Login Test] ========== CLEANUP STARTED ==========
2026-01-29 00:40:40.675 [main] INFO  common.CommonTest - [Login Test] Test Status: FAILED
2026-01-29 00:40:40.675 [main] INFO  common.CommonTest - [Login Test] Test FAILED -> Clearing data only (no logout to save time)
2026-01-29 00:40:40.675 [main] INFO  common.CommonTest - [Login Test] Clearing app data (no logout)...
2026-01-29 00:40:47.560 [main] INFO  page.HomePage - Waiting for HomePage to load...
2026-01-29 00:42:07.765 [main] INFO  page.HomePage - HomePage loaded successfully - State: NOT_LOGGED_IN
2026-01-29 00:42:47.869 [main] INFO  common.CommonTest - [Login Test] Reached HomePage successfully
2026-01-29 00:42:47.869 [main] INFO  common.CommonTest - [Login Test] App data cleared successfully
2026-01-29 00:42:47.869 [main] INFO  common.CommonTest - [Login Test] ========== CLEANUP COMPLETED ==========

2026-01-29 00:42:47.873 [main] INFO  common.CommonTest - 
[Login Test] ========== TEST STARTED ==========
2026-01-29 00:43:27.982 [main] INFO  common.CommonTest - [Login Test] Current state: NOT_LOGGED_IN
2026-01-29 00:44:08.050 [main] INFO  common.CommonTest - [Login Test] Already on HomePage (state: NOT_LOGGED_IN)
2026-01-29 00:44:08.057 [main] INFO  listeners.TestListener - >>> Starting Test: loginFailedWithExistingEmailAndWrongPasswordFormat <<<
2026-01-29 00:44:08.059 [main] INFO  page.HomePage - Clicking Sign In button
2026-01-29 00:45:38.921 [main] INFO  page.LoginPage - Attempting login expecting failure with email: lytuthat1234@gmail.com
2026-01-29 00:45:38.922 [main] INFO  page.LoginPage - Filling login form for email: lytuthat1234@gmail.com
2026-01-29 00:45:40.986 [main] INFO  page.LoginPage - Clicking Sign In button
2026-01-29 00:45:43.316 [main] INFO  common.CommonTest - 
[Login Test] ========== CLEANUP STARTED ==========
2026-01-29 00:45:43.316 [main] INFO  common.CommonTest - [Login Test] Test Status: PASSED
2026-01-29 00:45:50.541 [main] INFO  page.HomePage - Waiting for HomePage to load...
2026-01-29 00:47:10.733 [main] INFO  page.HomePage - HomePage loaded successfully - State: NOT_LOGGED_IN
2026-01-29 00:47:50.832 [main] INFO  common.CommonTest - [Login Test] Reached HomePage successfully
2026-01-29 00:48:10.886 [main] INFO  common.CommonTest - [Login Test] Test PASSED & Already on HomePage -> No cleanup needed
2026-01-29 00:48:10.887 [main] INFO  common.CommonTest - [Login Test] ========== CLEANUP COMPLETED ==========

2026-01-29 00:48:10.890 [main] INFO  common.CommonTest - 
[Login Test] ========== TEST STARTED ==========
2026-01-29 00:48:50.998 [main] INFO  common.CommonTest - [Login Test] Current state: NOT_LOGGED_IN
2026-01-29 00:49:31.099 [main] INFO  common.CommonTest - [Login Test] Already on HomePage (state: NOT_LOGGED_IN)
2026-01-29 00:49:31.105 [main] INFO  listeners.TestListener - >>> Starting Test: loginFailedWithNonExistingEmailAndWrongPasswordFormat <<<
2026-01-29 00:49:31.106 [main] INFO  page.HomePage - Clicking Sign In button
2026-01-29 00:51:01.946 [main] INFO  page.LoginPage - Attempting login expecting failure with email: nonexist@gmail.com
2026-01-29 00:51:01.946 [main] INFO  page.LoginPage - Filling login form for email: nonexist@gmail.com
2026-01-29 00:51:03.973 [main] INFO  page.LoginPage - Clicking Sign In button
2026-01-29 00:51:06.310 [main] INFO  common.CommonTest - 
[Login Test] ========== CLEANUP STARTED ==========
2026-01-29 00:51:06.311 [main] INFO  common.CommonTest - [Login Test] Test Status: PASSED
2026-01-29 00:51:13.017 [main] INFO  page.HomePage - Waiting for HomePage to load...
2026-01-29 00:52:33.246 [main] INFO  page.HomePage - HomePage loaded successfully - State: NOT_LOGGED_IN
2026-01-29 00:53:13.350 [main] INFO  common.CommonTest - [Login Test] Reached HomePage successfully
2026-01-29 00:53:33.407 [main] INFO  common.CommonTest - [Login Test] Test PASSED & Already on HomePage -> No cleanup needed
2026-01-29 00:53:33.407 [main] INFO  common.CommonTest - [Login Test] ========== CLEANUP COMPLETED ==========

2026-01-29 00:53:33.410 [main] INFO  common.CommonTest - 
[Login Test] ========== TEST STARTED ==========
2026-01-29 00:54:13.520 [main] INFO  common.CommonTest - [Login Test] Current state: NOT_LOGGED_IN
2026-01-29 00:54:53.629 [main] INFO  common.CommonTest - [Login Test] Already on HomePage (state: NOT_LOGGED_IN)
2026-01-29 00:54:53.634 [main] INFO  listeners.TestListener - >>> Starting Test: loginFailedWithNonExistingEmailAndValidPasswordFormat <<<
2026-01-29 00:54:53.646 [main] INFO  page.HomePage - Clicking Sign In button
2026-01-29 00:56:24.427 [main] INFO  page.LoginPage - Attempting login expecting failure with email: nonexist@gmail.com
2026-01-29 00:56:24.428 [main] INFO  page.LoginPage - Filling login form for email: nonexist@gmail.com
2026-01-29 00:56:26.624 [main] INFO  page.LoginPage - Clicking Sign In button
2026-01-29 00:56:29.027 [main] INFO  common.CommonTest - 
[Login Test] ========== CLEANUP STARTED ==========
2026-01-29 00:56:29.027 [main] INFO  common.CommonTest - [Login Test] Test Status: PASSED
2026-01-29 00:56:35.722 [main] INFO  page.HomePage - Waiting for HomePage to load...
2026-01-29 00:57:55.934 [main] INFO  page.HomePage - HomePage loaded successfully - State: NOT_LOGGED_IN
2026-01-29 00:58:36.014 [main] INFO  common.CommonTest - [Login Test] Reached HomePage successfully
2026-01-29 00:58:56.073 [main] INFO  common.CommonTest - [Login Test] Test PASSED & Already on HomePage -> No cleanup needed
2026-01-29 00:58:56.073 [main] INFO  common.CommonTest - [Login Test] ========== CLEANUP COMPLETED ==========

2026-01-29 00:58:56.076 [main] INFO  common.CommonTest - 
[Login Test] ========== TEST STARTED ==========
2026-01-29 00:59:36.180 [main] INFO  common.CommonTest - [Login Test] Current state: NOT_LOGGED_IN
2026-01-29 01:00:16.295 [main] INFO  common.CommonTest - [Login Test] Already on HomePage (state: NOT_LOGGED_IN)
2026-01-29 01:00:16.299 [main] INFO  listeners.TestListener - >>> Starting Test: loginFailedWithInvalidEmailFormatAndValidPassword <<<
2026-01-29 01:00:16.301 [main] INFO  page.HomePage - Clicking Sign In button
2026-01-29 01:01:47.103 [main] INFO  page.LoginPage - Attempting login expecting failure with email: invalidemail
2026-01-29 01:01:47.103 [main] INFO  page.LoginPage - Filling login form for email: invalidemail
2026-01-29 01:01:49.195 [main] INFO  page.LoginPage - Clicking Sign In button
2026-01-29 01:01:50.431 [main] INFO  common.CommonTest - 
[Login Test] ========== CLEANUP STARTED ==========
2026-01-29 01:01:50.431 [main] INFO  common.CommonTest - [Login Test] Test Status: PASSED
2026-01-29 01:01:56.899 [main] INFO  page.HomePage - Waiting for HomePage to load...
2026-01-29 01:03:17.133 [main] INFO  page.HomePage - HomePage loaded successfully - State: NOT_LOGGED_IN
2026-01-29 01:03:57.244 [main] INFO  common.CommonTest - [Login Test] Reached HomePage successfully
2026-01-29 01:04:17.334 [main] INFO  common.CommonTest - [Login Test] Test PASSED & Already on HomePage -> No cleanup needed
2026-01-29 01:04:17.334 [main] INFO  common.CommonTest - [Login Test] ========== CLEANUP COMPLETED ==========

2026-01-29 01:04:17.340 [main] INFO  common.CommonTest - 
[Login Test] ========== TEST STARTED ==========
2026-01-29 01:04:57.449 [main] INFO  common.CommonTest - [Login Test] Current state: NOT_LOGGED_IN
2026-01-29 01:05:37.598 [main] INFO  common.CommonTest - [Login Test] Already on HomePage (state: NOT_LOGGED_IN)
2026-01-29 01:05:37.605 [main] INFO  listeners.TestListener - >>> Starting Test: loginFailedWithBothFieldsEmpty <<<
2026-01-29 01:05:37.607 [main] INFO  page.HomePage - Clicking Sign In button
2026-01-29 01:07:08.424 [main] INFO  page.LoginPage - Attempting login expecting failure with email: 
2026-01-29 01:07:08.424 [main] INFO  page.LoginPage - Filling login form for email: 
2026-01-29 01:07:09.994 [main] INFO  page.LoginPage - Clicking Sign In button
2026-01-29 01:07:10.750 [main] INFO  common.CommonTest - 
[Login Test] ========== CLEANUP STARTED ==========
2026-01-29 01:07:10.750 [main] INFO  common.CommonTest - [Login Test] Test Status: PASSED
2026-01-29 01:07:17.250 [main] INFO  page.HomePage - Waiting for HomePage to load...
2026-01-29 01:08:37.496 [main] INFO  page.HomePage - HomePage loaded successfully - State: NOT_LOGGED_IN
2026-01-29 01:09:17.612 [main] INFO  common.CommonTest - [Login Test] Reached HomePage successfully
2026-01-29 01:09:37.686 [main] INFO  common.CommonTest - [Login Test] Test PASSED & Already on HomePage -> No cleanup needed
2026-01-29 01:09:37.687 [main] INFO  common.CommonTest - [Login Test] ========== CLEANUP COMPLETED ==========

2026-01-29 01:09:37.690 [main] INFO  common.CommonTest - 
[Login Test] ========== TEST STARTED ==========
2026-01-29 01:10:17.797 [main] INFO  common.CommonTest - [Login Test] Current state: NOT_LOGGED_IN
2026-01-29 01:10:57.915 [main] INFO  common.CommonTest - [Login Test] Already on HomePage (state: NOT_LOGGED_IN)
2026-01-29 01:10:57.919 [main] INFO  listeners.TestListener - >>> Starting Test: loginFailedWithEmptyEmailField <<<
2026-01-29 01:10:57.921 [main] INFO  page.HomePage - Clicking Sign In button
2026-01-29 01:12:28.758 [main] INFO  page.LoginPage - Attempting login expecting failure with email: 
2026-01-29 01:12:28.758 [main] INFO  page.LoginPage - Filling login form for email: 
2026-01-29 01:12:30.398 [main] INFO  page.LoginPage - Clicking Sign In button
2026-01-29 01:12:31.646 [main] INFO  common.CommonTest - 
[Login Test] ========== CLEANUP STARTED ==========
2026-01-29 01:12:31.646 [main] INFO  common.CommonTest - [Login Test] Test Status: PASSED
2026-01-29 01:12:38.179 [main] INFO  page.HomePage - Waiting for HomePage to load...
2026-01-29 01:13:58.360 [main] INFO  page.HomePage - HomePage loaded successfully - State: NOT_LOGGED_IN
2026-01-29 01:14:38.462 [main] INFO  common.CommonTest - [Login Test] Reached HomePage successfully
2026-01-29 01:14:58.539 [main] INFO  common.CommonTest - [Login Test] Test PASSED & Already on HomePage -> No cleanup needed
2026-01-29 01:14:58.539 [main] INFO  common.CommonTest - [Login Test] ========== CLEANUP COMPLETED ==========

2026-01-29 01:14:58.542 [main] INFO  common.CommonTest - 
[Login Test] ========== TEST STARTED ==========
2026-01-29 01:15:38.649 [main] INFO  common.CommonTest - [Login Test] Current state: NOT_LOGGED_IN
2026-01-29 01:16:18.777 [main] INFO  common.CommonTest - [Login Test] Already on HomePage (state: NOT_LOGGED_IN)
2026-01-29 01:16:18.782 [main] INFO  listeners.TestListener - >>> Starting Test: loginFailedWithEmptyPasswordField <<<
2026-01-29 01:16:18.783 [main] INFO  page.HomePage - Clicking Sign In button
2026-01-29 01:17:49.584 [main] INFO  page.LoginPage - Attempting login expecting failure with email: validuser@gmail.com
2026-01-29 01:17:49.585 [main] INFO  page.LoginPage - Filling login form for email: validuser@gmail.com
2026-01-29 01:17:51.599 [main] INFO  page.LoginPage - Clicking Sign In button
2026-01-29 01:17:52.345 [main] INFO  common.CommonTest - 
[Login Test] ========== CLEANUP STARTED ==========
2026-01-29 01:17:52.345 [main] INFO  common.CommonTest - [Login Test] Test Status: PASSED
2026-01-29 01:17:58.794 [main] INFO  page.HomePage - Waiting for HomePage to load...
2026-01-29 01:19:18.993 [main] INFO  page.HomePage - HomePage loaded successfully - State: NOT_LOGGED_IN
2026-01-29 01:19:59.094 [main] INFO  common.CommonTest - [Login Test] Reached HomePage successfully
2026-01-29 01:20:19.221 [main] INFO  common.CommonTest - [Login Test] Test PASSED & Already on HomePage -> No cleanup needed
2026-01-29 01:20:19.221 [main] INFO  common.CommonTest - [Login Test] ========== CLEANUP COMPLETED ==========

2026-01-29 01:20:19.224 [main] INFO  common.CommonTest - 
[Login Test] ========== TEST STARTED ==========
2026-01-29 01:20:59.327 [main] INFO  common.CommonTest - [Login Test] Current state: NOT_LOGGED_IN
2026-01-29 01:21:39.447 [main] INFO  common.CommonTest - [Login Test] Already on HomePage (state: NOT_LOGGED_IN)
2026-01-29 01:21:39.453 [main] INFO  listeners.TestListener - >>> Starting Test: verifyErrorModalDisplayedForInvalidCredentials <<<
2026-01-29 01:21:39.456 [main] INFO  page.HomePage - Clicking Sign In button
2026-01-29 01:23:10.284 [main] INFO  page.LoginPage - Attempting login expecting failure with email: wronguser@gmail.com
2026-01-29 01:23:10.285 [main] INFO  page.LoginPage - Filling login form for email: wronguser@gmail.com
2026-01-29 01:23:12.331 [main] INFO  page.LoginPage - Clicking Sign In button
2026-01-29 01:23:14.714 [main] INFO  common.CommonTest - 
[Login Test] ========== CLEANUP STARTED ==========
2026-01-29 01:23:14.714 [main] INFO  common.CommonTest - [Login Test] Test Status: PASSED
2026-01-29 01:23:21.343 [main] INFO  page.HomePage - Waiting for HomePage to load...
2026-01-29 01:24:41.561 [main] INFO  page.HomePage - HomePage loaded successfully - State: NOT_LOGGED_IN
2026-01-29 01:25:21.643 [main] INFO  common.CommonTest - [Login Test] Reached HomePage successfully
2026-01-29 01:25:41.698 [main] INFO  common.CommonTest - [Login Test] Test PASSED & Already on HomePage -> No cleanup needed
2026-01-29 01:25:41.699 [main] INFO  common.CommonTest - [Login Test] ========== CLEANUP COMPLETED ==========

2026-01-29 01:25:41.703 [main] INFO  common.CommonTest - 
[Login Test] ========== TEST STARTED ==========
2026-01-29 01:26:21.816 [main] INFO  common.CommonTest - [Login Test] Current state: NOT_LOGGED_IN
2026-01-29 01:27:01.923 [main] INFO  common.CommonTest - [Login Test] Already on HomePage (state: NOT_LOGGED_IN)
2026-01-29 01:27:01.927 [main] INFO  listeners.TestListener - >>> Starting Test: loginWithEmailContainingSpecialCharacters <<<
2026-01-29 01:27:01.929 [main] INFO  page.HomePage - Clicking Sign In button
2026-01-29 01:28:32.753 [main] INFO  page.LoginPage - Attempting login expecting failure with email: user+test@gmail.com
2026-01-29 01:28:32.753 [main] INFO  page.LoginPage - Filling login form for email: user+test@gmail.com
2026-01-29 01:28:34.788 [main] INFO  page.LoginPage - Clicking Sign In button
2026-01-29 01:28:38.080 [main] INFO  common.CommonTest - 
[Login Test] ========== CLEANUP STARTED ==========
2026-01-29 01:28:38.080 [main] INFO  common.CommonTest - [Login Test] Test Status: PASSED
2026-01-29 01:28:44.763 [main] INFO  page.HomePage - Waiting for HomePage to load...
2026-01-29 01:30:04.977 [main] INFO  page.HomePage - HomePage loaded successfully - State: NOT_LOGGED_IN
2026-01-29 01:30:45.060 [main] INFO  common.CommonTest - [Login Test] Reached HomePage successfully
2026-01-29 01:31:05.136 [main] INFO  common.CommonTest - [Login Test] Test PASSED & Already on HomePage -> No cleanup needed
2026-01-29 01:31:05.137 [main] INFO  common.CommonTest - [Login Test] ========== CLEANUP COMPLETED ==========

2026-01-29 01:31:05.139 [main] INFO  common.CommonTest - 
[Login Test] ========== TEST STARTED ==========
2026-01-29 01:31:45.242 [main] INFO  common.CommonTest - [Login Test] Current state: NOT_LOGGED_IN
2026-01-29 01:32:25.345 [main] INFO  common.CommonTest - [Login Test] Already on HomePage (state: NOT_LOGGED_IN)
2026-01-29 01:32:25.351 [main] INFO  listeners.TestListener - >>> Starting Test: loginWithPasswordExactly8Characters <<<
2026-01-29 01:32:25.352 [main] INFO  page.HomePage - Clicking Sign In button
2026-01-29 01:33:56.179 [main] INFO  page.LoginPage - Attempting login expecting failure with email: testuser@gmail.com
2026-01-29 01:33:56.179 [main] INFO  page.LoginPage - Filling login form for email: testuser@gmail.com
2026-01-29 01:33:58.227 [main] INFO  page.LoginPage - Clicking Sign In button
2026-01-29 01:34:00.496 [main] INFO  common.CommonTest - 
[Login Test] ========== CLEANUP STARTED ==========
2026-01-29 01:34:00.496 [main] INFO  common.CommonTest - [Login Test] Test Status: PASSED
2026-01-29 01:34:07.163 [main] INFO  page.HomePage - Waiting for HomePage to load...
2026-01-29 01:35:27.424 [main] INFO  page.HomePage - HomePage loaded successfully - State: NOT_LOGGED_IN
2026-01-29 01:36:07.533 [main] INFO  common.CommonTest - [Login Test] Reached HomePage successfully
2026-01-29 01:36:27.606 [main] INFO  common.CommonTest - [Login Test] Test PASSED & Already on HomePage -> No cleanup needed
2026-01-29 01:36:27.606 [main] INFO  common.CommonTest - [Login Test] ========== CLEANUP COMPLETED ==========

2026-01-29 01:36:27.609 [main] INFO  common.CommonTest - 
[Login Test] ========== TEST STARTED ==========
2026-01-29 01:37:07.740 [main] INFO  common.CommonTest - [Login Test] Current state: NOT_LOGGED_IN
2026-01-29 01:37:47.862 [main] INFO  common.CommonTest - [Login Test] Already on HomePage (state: NOT_LOGGED_IN)
2026-01-29 01:37:47.867 [main] INFO  listeners.TestListener - >>> Starting Test: loginWithPasswordMissingUppercase <<<
2026-01-29 01:37:47.868 [main] INFO  page.HomePage - Clicking Sign In button
2026-01-29 01:39:18.654 [main] INFO  page.LoginPage - Attempting login expecting failure with email: testuser@gmail.com
2026-01-29 01:39:18.654 [main] INFO  page.LoginPage - Filling login form for email: testuser@gmail.com
2026-01-29 01:39:20.714 [main] INFO  page.LoginPage - Clicking Sign In button
2026-01-29 01:39:22.995 [main] INFO  common.CommonTest - 
[Login Test] ========== CLEANUP STARTED ==========
2026-01-29 01:39:22.995 [main] INFO  common.CommonTest - [Login Test] Test Status: PASSED
2026-01-29 01:39:29.692 [main] INFO  page.HomePage - Waiting for HomePage to load...
2026-01-29 01:40:49.907 [main] INFO  page.HomePage - HomePage loaded successfully - State: NOT_LOGGED_IN
2026-01-29 01:41:30.022 [main] INFO  common.CommonTest - [Login Test] Reached HomePage successfully
2026-01-29 01:41:50.101 [main] INFO  common.CommonTest - [Login Test] Test PASSED & Already on HomePage -> No cleanup needed
2026-01-29 01:41:50.101 [main] INFO  common.CommonTest - [Login Test] ========== CLEANUP COMPLETED ==========

2026-01-29 01:41:50.104 [main] INFO  common.CommonTest - 
[Login Test] ========== TEST STARTED ==========
2026-01-29 01:42:30.211 [main] INFO  common.CommonTest - [Login Test] Current state: NOT_LOGGED_IN
2026-01-29 01:43:10.330 [main] INFO  common.CommonTest - [Login Test] Already on HomePage (state: NOT_LOGGED_IN)
2026-01-29 01:43:10.334 [main] INFO  listeners.TestListener - >>> Starting Test: loginWithPasswordMissingLowercase <<<
2026-01-29 01:43:10.335 [main] INFO  page.HomePage - Clicking Sign In button
2026-01-29 01:44:41.172 [main] INFO  page.LoginPage - Attempting login expecting failure with email: testuser@gmail.com
2026-01-29 01:44:41.173 [main] INFO  page.LoginPage - Filling login form for email: testuser@gmail.com
2026-01-29 01:44:43.220 [main] INFO  page.LoginPage - Clicking Sign In button
2026-01-29 01:44:45.742 [main] INFO  common.CommonTest - 
[Login Test] ========== CLEANUP STARTED ==========
2026-01-29 01:44:45.742 [main] INFO  common.CommonTest - [Login Test] Test Status: PASSED
2026-01-29 01:44:52.423 [main] INFO  page.HomePage - Waiting for HomePage to load...
2026-01-29 01:46:12.659 [main] INFO  page.HomePage - HomePage loaded successfully - State: NOT_LOGGED_IN
2026-01-29 01:46:52.757 [main] INFO  common.CommonTest - [Login Test] Reached HomePage successfully
2026-01-29 01:47:12.822 [main] INFO  common.CommonTest - [Login Test] Test PASSED & Already on HomePage -> No cleanup needed
2026-01-29 01:47:12.822 [main] INFO  common.CommonTest - [Login Test] ========== CLEANUP COMPLETED ==========

2026-01-29 01:47:12.825 [main] INFO  common.CommonTest - 
[Login Test] ========== TEST STARTED ==========
2026-01-29 01:47:52.940 [main] INFO  common.CommonTest - [Login Test] Current state: NOT_LOGGED_IN
2026-01-29 01:48:33.039 [main] INFO  common.CommonTest - [Login Test] Already on HomePage (state: NOT_LOGGED_IN)
2026-01-29 01:48:33.043 [main] INFO  listeners.TestListener - >>> Starting Test: loginWithPasswordMissingSpecialChar <<<
2026-01-29 01:48:33.044 [main] INFO  page.HomePage - Clicking Sign In button
2026-01-29 01:50:03.884 [main] INFO  page.LoginPage - Attempting login expecting failure with email: testuser@gmail.com
2026-01-29 01:50:03.884 [main] INFO  page.LoginPage - Filling login form for email: testuser@gmail.com
2026-01-29 01:50:05.936 [main] INFO  page.LoginPage - Clicking Sign In button
2026-01-29 01:50:08.279 [main] INFO  common.CommonTest - 
[Login Test] ========== CLEANUP STARTED ==========
2026-01-29 01:50:08.279 [main] INFO  common.CommonTest - [Login Test] Test Status: PASSED
2026-01-29 01:50:14.946 [main] INFO  page.HomePage - Waiting for HomePage to load...
2026-01-29 01:51:35.141 [main] INFO  page.HomePage - HomePage loaded successfully - State: NOT_LOGGED_IN
2026-01-29 01:52:15.242 [main] INFO  common.CommonTest - [Login Test] Reached HomePage successfully
2026-01-29 01:52:35.298 [main] INFO  common.CommonTest - [Login Test] Test PASSED & Already on HomePage -> No cleanup needed
2026-01-29 01:52:35.298 [main] INFO  common.CommonTest - [Login Test] ========== CLEANUP COMPLETED ==========

2026-01-29 01:52:35.302 [main] INFO  common.CommonTest - 
[Login Test] ========== TEST STARTED ==========
2026-01-29 01:53:15.405 [main] INFO  common.CommonTest - [Login Test] Current state: NOT_LOGGED_IN
2026-01-29 01:53:55.505 [main] INFO  common.CommonTest - [Login Test] Already on HomePage (state: NOT_LOGGED_IN)
2026-01-29 01:53:55.509 [main] INFO  listeners.TestListener - >>> Starting Test: loginWithPasswordLessThan8Characters <<<
2026-01-29 01:53:55.511 [main] INFO  page.HomePage - Clicking Sign In button
2026-01-29 01:55:26.316 [main] INFO  page.LoginPage - Attempting login expecting failure with email: testuser@gmail.com
2026-01-29 01:55:26.317 [main] INFO  page.LoginPage - Filling login form for email: testuser@gmail.com
2026-01-29 01:55:28.352 [main] INFO  page.LoginPage - Clicking Sign In button
2026-01-29 01:55:30.644 [main] INFO  common.CommonTest - 
[Login Test] ========== CLEANUP STARTED ==========
2026-01-29 01:55:30.645 [main] INFO  common.CommonTest - [Login Test] Test Status: PASSED
2026-01-29 01:55:37.338 [main] INFO  page.HomePage - Waiting for HomePage to load...
2026-01-29 01:56:57.571 [main] INFO  page.HomePage - HomePage loaded successfully - State: NOT_LOGGED_IN
2026-01-29 01:57:37.676 [main] INFO  common.CommonTest - [Login Test] Reached HomePage successfully
2026-01-29 01:57:57.766 [main] INFO  common.CommonTest - [Login Test] Test PASSED & Already on HomePage -> No cleanup needed
2026-01-29 01:57:57.766 [main] INFO  common.CommonTest - [Login Test] ========== CLEANUP COMPLETED ==========

2026-01-29 01:57:57.769 [main] INFO  common.AppFlowManager - 
[AppFlow] Handling app launch...
2026-01-29 01:57:58.174 [main] INFO  common.AppFlowManager - [AppFlow] App activated successfully via ADB
2026-01-29 01:57:58.174 [main] INFO  common.AppFlowManager - [AppFlow] Using cached state - Onboarding already handled
2026-01-29 01:58:38.288 [main] INFO  common.AppFlowManager - [AppFlow] On Home Page - State: NOT_LOGGED_IN
2026-01-29 01:58:38.289 [main] INFO  common.CommonTest - [Change Password Test] ========== TEST SUITE STARTED ==========
2026-01-29 01:58:38.289 [main] INFO  common.CommonTest - [Change Password Test] ========== CHECKING LOGIN PRECONDITION ==========
2026-01-29 01:58:48.334 [main] INFO  common.CommonTest - [Change Password Test] User not logged in -> Logging in...
2026-01-29 01:58:48.334 [main] INFO  page.HomePage - Clicking Sign In button
2026-01-29 02:00:19.160 [main] INFO  page.LoginPage - Attempting login with email: khoadang1510@gmail.com
2026-01-29 02:00:19.160 [main] INFO  page.LoginPage - Filling login form for email: khoadang1510@gmail.com
2026-01-29 02:00:21.252 [main] INFO  page.LoginPage - Clicking Sign In button
2026-01-29 02:00:23.949 [main] INFO  page.HomePage - Waiting for HomePage to load...
2026-01-29 02:01:40.033 [main] ERROR page.HomePage - HomePage failed to load within timeout
2026-01-29 02:01:40.034 [main] ERROR page.HomePage - HomePage failed to load - Exception: HomePage failed to load within 10 seconds
2026-01-29 02:01:40.035 [main] ERROR common.CommonTest - [Change Password Test] ERROR: Login precondition failed for Change Password Test
2026-01-29 02:01:40.083 [main] INFO  listeners.TestListener - >>> Starting Test: testChangePasswordSuccess <<<
2026-01-29 02:01:40.084 [main] WARN  listeners.TestListener - Test SKIPPED: testChangePasswordSuccess
2026-01-29 02:01:40.084 [main] WARN  listeners.TestListener - Reason: Login precondition failed for Change Password Test
2026-01-29 02:01:40.090 [main] INFO  listeners.TestListener - >>> Starting Test: testInvalidNewPasswordFormat <<<
2026-01-29 02:01:40.090 [main] WARN  listeners.TestListener - Test SKIPPED: testInvalidNewPasswordFormat
2026-01-29 02:01:40.090 [main] WARN  listeners.TestListener - Reason: Login precondition failed for Change Password Test
2026-01-29 02:01:40.097 [main] INFO  listeners.TestListener - >>> Starting Test: testInvalidCurrentPassword <<<
2026-01-29 02:01:40.097 [main] WARN  listeners.TestListener - Test SKIPPED: testInvalidCurrentPassword
2026-01-29 02:01:40.097 [main] WARN  listeners.TestListener - Reason: Login precondition failed for Change Password Test
2026-01-29 02:01:40.104 [main] INFO  listeners.TestListener - >>> Starting Test: testNewPasswordEmpty <<<
2026-01-29 02:01:40.105 [main] WARN  listeners.TestListener - Test SKIPPED: testNewPasswordEmpty
2026-01-29 02:01:40.105 [main] WARN  listeners.TestListener - Reason: Login precondition failed for Change Password Test
2026-01-29 02:01:40.112 [main] INFO  listeners.TestListener - >>> Starting Test: testBothFieldsEmpty <<<
2026-01-29 02:01:40.113 [main] WARN  listeners.TestListener - Test SKIPPED: testBothFieldsEmpty
2026-01-29 02:01:40.113 [main] WARN  listeners.TestListener - Reason: Login precondition failed for Change Password Test
2026-01-29 02:01:40.121 [main] INFO  listeners.TestListener - >>> Starting Test: testCurrentPasswordEmpty <<<
2026-01-29 02:01:40.121 [main] WARN  listeners.TestListener - Test SKIPPED: testCurrentPasswordEmpty
2026-01-29 02:01:40.121 [main] WARN  listeners.TestListener - Reason: Login precondition failed for Change Password Test
2026-01-29 02:01:40.128 [main] INFO  listeners.TestListener - >>> Starting Test: testInvalidCurrentFormatAndEmptyNew <<<
2026-01-29 02:01:40.129 [main] WARN  listeners.TestListener - Test SKIPPED: testInvalidCurrentFormatAndEmptyNew
2026-01-29 02:01:40.129 [main] WARN  listeners.TestListener - Reason: Login precondition failed for Change Password Test
2026-01-29 02:01:40.136 [main] INFO  listeners.TestListener - >>> Starting Test: testInvalidCurrentFormat <<<
2026-01-29 02:01:40.136 [main] WARN  listeners.TestListener - Test SKIPPED: testInvalidCurrentFormat
2026-01-29 02:01:40.136 [main] WARN  listeners.TestListener - Reason: Login precondition failed for Change Password Test
2026-01-29 02:01:40.144 [main] INFO  listeners.TestListener - >>> Starting Test: testNewPasswordEqualsCurrent <<<
2026-01-29 02:01:40.144 [main] WARN  listeners.TestListener - Test SKIPPED: testNewPasswordEqualsCurrent
2026-01-29 02:01:40.144 [main] WARN  listeners.TestListener - Reason: Login precondition failed for Change Password Test
2026-01-29 02:01:40.152 [main] INFO  listeners.TestListener - >>> Starting Test: testLoginWithNewPasswordAfterChange <<<
2026-01-29 02:01:40.153 [main] WARN  listeners.TestListener - Test SKIPPED: testLoginWithNewPasswordAfterChange
2026-01-29 02:01:40.153 [main] WARN  listeners.TestListener - Reason: Login precondition failed for Change Password Test
2026-01-29 02:01:40.159 [main] INFO  listeners.TestListener - >>> Starting Test: testInvalidSpecialCharacter <<<
2026-01-29 02:01:40.160 [main] WARN  listeners.TestListener - Test SKIPPED: testInvalidSpecialCharacter
2026-01-29 02:01:40.160 [main] WARN  listeners.TestListener - Reason: Login precondition failed for Change Password Test
2026-01-29 02:01:40.177 [main] INFO  listeners.TestListener - >>> Starting Test: testMinLengthBoundary <<<
2026-01-29 02:01:40.177 [main] WARN  listeners.TestListener - Test SKIPPED: testMinLengthBoundary
2026-01-29 02:01:40.177 [main] WARN  listeners.TestListener - Reason: Login precondition failed for Change Password Test
2026-01-29 02:01:40.185 [main] INFO  listeners.TestListener - >>> Starting Test: testCaseSensitiveCurrentPassword <<<
2026-01-29 02:01:40.185 [main] WARN  listeners.TestListener - Test SKIPPED: testCaseSensitiveCurrentPassword
2026-01-29 02:01:40.185 [main] WARN  listeners.TestListener - Reason: Login precondition failed for Change Password Test
2026-01-29 02:01:40.190 [main] INFO  common.BaseTest - Quitting driver...
2026-01-29 02:01:40.911 [main] INFO  listeners.TestListener - ========================================
2026-01-29 02:01:40.911 [main] INFO  listeners.TestListener - Test Suite Finished: Authentication
2026-01-29 02:01:40.911 [main] INFO  listeners.TestListener - Total Tests Run: 44
2026-01-29 02:01:40.911 [main] INFO  listeners.TestListener - Passed: 29
2026-01-29 02:01:40.912 [main] INFO  listeners.TestListener - Failed: 2
2026-01-29 02:01:40.912 [main] INFO  listeners.TestListener - Skipped: 13
2026-01-29 02:01:40.912 [main] INFO  listeners.TestListener - ========================================
2026-01-29 02:01:40.940 [main] INFO  common.BaseTest - ##### Appium server stopped.
2026-01-29 09:29:20.022 [main] INFO  common.BaseTest - Starting Appium server on 127.0.0.1:4723
2026-01-29 09:29:20.637 [main] INFO  common.BaseTest - ##### Appium server started on 127.0.0.1:4723
2026-01-29 09:29:20.639 [main] INFO  common.BaseTest - Created Allure environment file: C:\Users\Archer\AndroidStudioProjects\LessonSourceCode\FinalProject2025\exports\reports\allure-results\environment.properties
2026-01-29 09:29:35.007 [main] WARN  common.BaseTest - Could not disable keyboard preview: Potentially insecure feature 'adb_shell' has not been enabled. If you want to enable this feature and accept the security ramifications, please do so by following the documented instructions at http://appium.io/docs/en/latest/guides/security/
Build info: version: '4.40.0', revision: 'b3333f1'
System info: os.name: 'Windows 11', os.arch: 'amd64', os.version: '10.0', java.version: '21.0.8'
Driver info: io.appium.java_client.AppiumDriver
Command: [2f5408f8-cbb6-40c2-be70-68fcd8aad2ad, executeScript {script=mobile: shell, args=[{args=[put, secure, show_ime_with_hard_keyboard, 0], command=settings}]}]
Capabilities {appium:appActivity: com.italist.mobile.MainActi..., appium:appPackage: com.italist.mobile, appium:automationName: UiAutomator2, appium:databaseEnabled: false, appium:desired: {appActivity: com.italist.mobile.MainActi..., appPackage: com.italist.mobile, automationName: UiAutomator2, deviceName: pixel-7-api36, fullReset: false, noReset: true, platformName: ANDROID, platformVersion: 16}, appium:deviceApiLevel: 36, appium:deviceManufacturer: Google, appium:deviceModel: sdk_gphone64_x86_64, appium:deviceName: emulator-5554, appium:deviceScreenDensity: 420, appium:deviceScreenSize: 1080x2400, appium:deviceUDID: emulator-5554, appium:fullReset: false, appium:javascriptEnabled: true, appium:locationContextEnabled: false, appium:networkConnectionEnabled: true, appium:noReset: true, appium:pixelRatio: 2.625, appium:platformVersion: 16, appium:statBarHeight: 118, appium:takesScreenshot: true, appium:viewportRect: {height: 2282, left: 0, top: 118, width: 1080}, appium:warnings: {}, appium:webStorageEnabled: false, platformName: ANDROID}
Session ID: 2f5408f8-cbb6-40c2-be70-68fcd8aad2ad
2026-01-29 09:29:35.009 [main] INFO  common.BaseTest - Driver initialized with EXPLICIT WAIT strategy only
2026-01-29 09:29:35.050 [main] INFO  common.AppFlowManager - 
[AppFlow] Handling app launch...
2026-01-29 09:29:35.740 [main] INFO  common.AppFlowManager - [AppFlow] App activated successfully via ADB
2026-01-29 09:29:35.740 [main] INFO  common.AppFlowManager - [AppFlow] Waiting for app to fully initialize...
2026-01-29 09:29:48.385 [main] INFO  common.AppFlowManager - [AppFlow] Onboarding already completed or skipped
2026-01-29 09:30:28.757 [main] INFO  common.AppFlowManager - [AppFlow] On Home Page - State: NOT_LOGGED_IN
2026-01-29 09:30:28.761 [main] INFO  common.CommonTest - [Login Test AI Generated Test Cases] ========== TEST SUITE STARTED ==========
2026-01-29 09:30:30.151 [main] INFO  common.CommonTest - 
[Login Test AI Generated Test Cases] ========== TEST STARTED ==========
2026-01-29 09:31:10.363 [main] INFO  common.CommonTest - [Login Test AI Generated Test Cases] Current state: NOT_LOGGED_IN
2026-01-29 09:31:50.627 [main] INFO  common.CommonTest - [Login Test AI Generated Test Cases] Already on HomePage (state: NOT_LOGGED_IN)
2026-01-29 09:31:50.866 [main] INFO  testcase_AIgen.LoginTestAIGeneration - 
[LG_AI.01] Empty Email & Password
2026-01-29 09:31:50.870 [main] INFO  page.HomePage - Clicking Sign In button
2026-01-29 09:33:21.968 [main] INFO  page.LoginPage - Attempting login expecting failure with email: 
2026-01-29 09:33:21.971 [main] INFO  page.LoginPage - Filling login form for email: 
2026-01-29 09:33:24.463 [main] INFO  page.LoginPage - Clicking Sign In button
2026-01-29 09:33:25.411 [main] INFO  testcase_AIgen.LoginTestAIGeneration - [LG_AI.01] PASSED
2026-01-29 09:33:25.427 [main] INFO  common.CommonTest - 
[Login Test AI Generated Test Cases] ========== CLEANUP STARTED ==========
2026-01-29 09:33:25.427 [main] INFO  common.CommonTest - [Login Test AI Generated Test Cases] Test Status: PASSED
2026-01-29 09:33:32.050 [main] INFO  page.HomePage - Waiting for HomePage to load...
2026-01-29 09:34:52.392 [main] INFO  page.HomePage - HomePage loaded successfully - State: NOT_LOGGED_IN
2026-01-29 09:35:32.521 [main] INFO  common.CommonTest - [Login Test AI Generated Test Cases] Reached HomePage successfully
2026-01-29 09:35:52.639 [main] INFO  common.CommonTest - [Login Test AI Generated Test Cases] Test PASSED & Already on HomePage -> No cleanup needed
2026-01-29 09:35:52.640 [main] INFO  common.CommonTest - [Login Test AI Generated Test Cases] ========== CLEANUP COMPLETED ==========

2026-01-29 09:35:52.645 [main] INFO  common.CommonTest - 
[Login Test AI Generated Test Cases] ========== TEST STARTED ==========
2026-01-29 09:36:32.838 [main] INFO  common.CommonTest - [Login Test AI Generated Test Cases] Current state: NOT_LOGGED_IN
2026-01-29 09:37:12.993 [main] INFO  common.CommonTest - [Login Test AI Generated Test Cases] Already on HomePage (state: NOT_LOGGED_IN)
2026-01-29 09:37:13.001 [main] INFO  testcase_AIgen.LoginTestAIGeneration - 
[LG_AI.02] Empty Email
2026-01-29 09:37:13.005 [main] INFO  page.HomePage - Clicking Sign In button
2026-01-29 09:38:43.938 [main] INFO  page.LoginPage - Attempting login expecting failure with email: 
2026-01-29 09:38:43.940 [main] INFO  page.LoginPage - Filling login form for email: 
2026-01-29 09:38:45.788 [main] INFO  page.LoginPage - Clicking Sign In button
2026-01-29 09:38:47.177 [main] INFO  testcase_AIgen.LoginTestAIGeneration - [LG_AI.02] PASSED
2026-01-29 09:38:47.180 [main] INFO  common.CommonTest - 
[Login Test AI Generated Test Cases] ========== CLEANUP STARTED ==========
2026-01-29 09:38:47.180 [main] INFO  common.CommonTest - [Login Test AI Generated Test Cases] Test Status: PASSED
2026-01-29 09:38:53.750 [main] INFO  page.HomePage - Waiting for HomePage to load...
2026-01-29 09:40:14.105 [main] INFO  page.HomePage - HomePage loaded successfully - State: NOT_LOGGED_IN
2026-01-29 09:40:54.255 [main] INFO  common.CommonTest - [Login Test AI Generated Test Cases] Reached HomePage successfully
2026-01-29 09:41:14.482 [main] INFO  common.CommonTest - [Login Test AI Generated Test Cases] Test PASSED & Already on HomePage -> No cleanup needed
2026-01-29 09:41:14.483 [main] INFO  common.CommonTest - [Login Test AI Generated Test Cases] ========== CLEANUP COMPLETED ==========

2026-01-29 09:41:14.491 [main] INFO  common.CommonTest - 
[Login Test AI Generated Test Cases] ========== TEST STARTED ==========
2026-01-29 09:41:54.666 [main] INFO  common.CommonTest - [Login Test AI Generated Test Cases] Current state: NOT_LOGGED_IN
2026-01-29 09:42:34.786 [main] INFO  common.CommonTest - [Login Test AI Generated Test Cases] Already on HomePage (state: NOT_LOGGED_IN)
2026-01-29 09:42:34.795 [main] INFO  testcase_AIgen.LoginTestAIGeneration - 
[LG_AI.03] Empty Password
2026-01-29 09:42:34.796 [main] INFO  page.HomePage - Clicking Sign In button
2026-01-29 09:44:05.966 [main] INFO  page.LoginPage - Attempting login expecting failure with email: user@test.com
2026-01-29 09:44:05.966 [main] INFO  page.LoginPage - Filling login form for email: user@test.com
2026-01-29 09:44:08.228 [main] INFO  page.LoginPage - Clicking Sign In button
2026-01-29 09:44:09.136 [main] INFO  testcase_AIgen.LoginTestAIGeneration - [LG_AI.03] PASSED
2026-01-29 09:44:09.139 [main] INFO  common.CommonTest - 
[Login Test AI Generated Test Cases] ========== CLEANUP STARTED ==========
2026-01-29 09:44:09.140 [main] INFO  common.CommonTest - [Login Test AI Generated Test Cases] Test Status: PASSED
2026-01-29 09:44:15.681 [main] INFO  page.HomePage - Waiting for HomePage to load...
2026-01-29 09:45:35.969 [main] INFO  page.HomePage - HomePage loaded successfully - State: NOT_LOGGED_IN
2026-01-29 09:46:16.142 [main] INFO  common.CommonTest - [Login Test AI Generated Test Cases] Reached HomePage successfully
2026-01-29 09:46:36.280 [main] INFO  common.CommonTest - [Login Test AI Generated Test Cases] Test PASSED & Already on HomePage -> No cleanup needed
2026-01-29 09:46:36.280 [main] INFO  common.CommonTest - [Login Test AI Generated Test Cases] ========== CLEANUP COMPLETED ==========

2026-01-29 09:46:36.296 [main] INFO  common.CommonTest - 
[Login Test AI Generated Test Cases] ========== TEST STARTED ==========
2026-01-29 09:47:16.433 [main] INFO  common.CommonTest - [Login Test AI Generated Test Cases] Current state: NOT_LOGGED_IN
2026-01-29 09:47:56.584 [main] INFO  common.CommonTest - [Login Test AI Generated Test Cases] Already on HomePage (state: NOT_LOGGED_IN)
2026-01-29 09:47:56.592 [main] INFO  testcase_AIgen.LoginTestAIGeneration - 
[LG_AI.04] Invalid Email Format
2026-01-29 09:47:56.594 [main] INFO  page.HomePage - Clicking Sign In button
2026-01-29 09:49:27.581 [main] INFO  page.LoginPage - Attempting login expecting failure with email: usertest.com
2026-01-29 09:49:27.582 [main] INFO  page.LoginPage - Filling login form for email: usertest.com
2026-01-29 09:49:29.769 [main] INFO  page.LoginPage - Clicking Sign In button
2026-01-29 09:49:31.092 [main] INFO  testcase_AIgen.LoginTestAIGeneration - [LG_AI.04] PASSED
2026-01-29 09:49:31.096 [main] INFO  common.CommonTest - 
[Login Test AI Generated Test Cases] ========== CLEANUP STARTED ==========
2026-01-29 09:49:31.096 [main] INFO  common.CommonTest - [Login Test AI Generated Test Cases] Test Status: PASSED
2026-01-29 09:49:37.697 [main] INFO  page.HomePage - Waiting for HomePage to load...
2026-01-29 09:50:57.927 [main] INFO  page.HomePage - HomePage loaded successfully - State: NOT_LOGGED_IN
2026-01-29 09:51:38.028 [main] INFO  common.CommonTest - [Login Test AI Generated Test Cases] Reached HomePage successfully
2026-01-29 09:51:58.109 [main] INFO  common.CommonTest - [Login Test AI Generated Test Cases] Test PASSED & Already on HomePage -> No cleanup needed
2026-01-29 09:51:58.109 [main] INFO  common.CommonTest - [Login Test AI Generated Test Cases] ========== CLEANUP COMPLETED ==========

2026-01-29 09:51:58.112 [main] INFO  common.CommonTest - 
[Login Test AI Generated Test Cases] ========== TEST STARTED ==========
2026-01-29 09:52:38.261 [main] INFO  common.CommonTest - [Login Test AI Generated Test Cases] Current state: NOT_LOGGED_IN
2026-01-29 09:53:18.378 [main] INFO  common.CommonTest - [Login Test AI Generated Test Cases] Already on HomePage (state: NOT_LOGGED_IN)
2026-01-29 09:53:18.384 [main] INFO  testcase_AIgen.LoginTestAIGeneration - 
[LG_AI.11] Trim Spaces Email
2026-01-29 09:53:18.385 [main] INFO  page.HomePage - Clicking Sign In button
2026-01-29 09:54:49.220 [main] INFO  page.LoginPage - Attempting login expecting failure with email:  user@test.com 
2026-01-29 09:54:49.220 [main] INFO  page.LoginPage - Filling login form for email:  user@test.com 
2026-01-29 09:54:51.337 [main] INFO  page.LoginPage - Clicking Sign In button
2026-01-29 09:54:54.582 [main] INFO  common.CommonTest - 
[Login Test AI Generated Test Cases] ========== CLEANUP STARTED ==========
2026-01-29 09:54:54.583 [main] INFO  common.CommonTest - [Login Test AI Generated Test Cases] Test Status: FAILED
2026-01-29 09:54:54.583 [main] INFO  common.CommonTest - [Login Test AI Generated Test Cases] Test FAILED -> Clearing data only (no logout to save time)
2026-01-29 09:54:54.583 [main] INFO  common.CommonTest - [Login Test AI Generated Test Cases] Clearing app data (no logout)...
2026-01-29 09:55:01.277 [main] INFO  page.HomePage - Waiting for HomePage to load...
2026-01-29 09:56:21.528 [main] INFO  page.HomePage - HomePage loaded successfully - State: NOT_LOGGED_IN
2026-01-29 09:57:01.646 [main] INFO  common.CommonTest - [Login Test AI Generated Test Cases] Reached HomePage successfully
2026-01-29 09:57:01.647 [main] INFO  common.CommonTest - [Login Test AI Generated Test Cases] App data cleared successfully
2026-01-29 09:57:01.648 [main] INFO  common.CommonTest - [Login Test AI Generated Test Cases] ========== CLEANUP COMPLETED ==========

2026-01-29 09:57:01.651 [main] INFO  common.CommonTest - 
[Login Test AI Generated Test Cases] ========== TEST STARTED ==========
2026-01-29 09:57:41.763 [main] INFO  common.CommonTest - [Login Test AI Generated Test Cases] Current state: NOT_LOGGED_IN
2026-01-29 09:58:21.878 [main] INFO  common.CommonTest - [Login Test AI Generated Test Cases] Already on HomePage (state: NOT_LOGGED_IN)
2026-01-29 09:58:21.884 [main] INFO  testcase_AIgen.LoginTestAIGeneration - 
[LG_AI.12] Special Characters in Email
2026-01-29 09:58:21.886 [main] INFO  page.HomePage - Clicking Sign In button
2026-01-29 09:59:52.708 [main] INFO  page.LoginPage - Attempting login expecting failure with email: user@#test.com
2026-01-29 09:59:52.708 [main] INFO  page.LoginPage - Filling login form for email: user@#test.com
2026-01-29 09:59:54.811 [main] INFO  page.LoginPage - Clicking Sign In button
2026-01-29 09:59:56.105 [main] INFO  testcase_AIgen.LoginTestAIGeneration - [LG_AI.12] PASSED
2026-01-29 09:59:56.107 [main] INFO  common.CommonTest - 
[Login Test AI Generated Test Cases] ========== CLEANUP STARTED ==========
2026-01-29 09:59:56.108 [main] INFO  common.CommonTest - [Login Test AI Generated Test Cases] Test Status: PASSED
2026-01-29 10:00:02.602 [main] INFO  page.HomePage - Waiting for HomePage to load...
2026-01-29 10:01:22.823 [main] INFO  page.HomePage - HomePage loaded successfully - State: NOT_LOGGED_IN
2026-01-29 10:02:02.925 [main] INFO  common.CommonTest - [Login Test AI Generated Test Cases] Reached HomePage successfully
2026-01-29 10:02:22.989 [main] INFO  common.CommonTest - [Login Test AI Generated Test Cases] Test PASSED & Already on HomePage -> No cleanup needed
2026-01-29 10:02:22.989 [main] INFO  common.CommonTest - [Login Test AI Generated Test Cases] ========== CLEANUP COMPLETED ==========

2026-01-29 10:02:22.995 [main] INFO  common.CommonTest - 
[Login Test AI Generated Test Cases] ========== TEST STARTED ==========
2026-01-29 10:03:03.111 [main] INFO  common.CommonTest - [Login Test AI Generated Test Cases] Current state: NOT_LOGGED_IN
2026-01-29 10:03:43.226 [main] INFO  common.CommonTest - [Login Test AI Generated Test Cases] Already on HomePage (state: NOT_LOGGED_IN)
2026-01-29 10:03:43.231 [main] INFO  testcase_AIgen.LoginTestAIGeneration - 
[LG_AI.05] Password < 8 characters
2026-01-29 10:03:43.233 [main] INFO  page.HomePage - Clicking Sign In button
2026-01-29 10:05:14.052 [main] INFO  page.LoginPage - Attempting login expecting failure with email: user@test.com
2026-01-29 10:05:14.052 [main] INFO  page.LoginPage - Filling login form for email: user@test.com
2026-01-29 10:05:16.247 [main] INFO  page.LoginPage - Clicking Sign In button
2026-01-29 10:05:19.122 [main] INFO  common.CommonTest - 
[Login Test AI Generated Test Cases] ========== CLEANUP STARTED ==========
2026-01-29 10:05:19.122 [main] INFO  common.CommonTest - [Login Test AI Generated Test Cases] Test Status: FAILED
2026-01-29 10:05:19.122 [main] INFO  common.CommonTest - [Login Test AI Generated Test Cases] Test FAILED -> Clearing data only (no logout to save time)
2026-01-29 10:05:19.122 [main] INFO  common.CommonTest - [Login Test AI Generated Test Cases] Clearing app data (no logout)...
2026-01-29 10:05:25.914 [main] INFO  page.HomePage - Waiting for HomePage to load...
2026-01-29 10:06:46.144 [main] INFO  page.HomePage - HomePage loaded successfully - State: NOT_LOGGED_IN
2026-01-29 10:07:26.247 [main] INFO  common.CommonTest - [Login Test AI Generated Test Cases] Reached HomePage successfully
2026-01-29 10:07:26.249 [main] INFO  common.CommonTest - [Login Test AI Generated Test Cases] App data cleared successfully
2026-01-29 10:07:26.249 [main] INFO  common.CommonTest - [Login Test AI Generated Test Cases] ========== CLEANUP COMPLETED ==========

2026-01-29 10:07:26.252 [main] INFO  common.CommonTest - 
[Login Test AI Generated Test Cases] ========== TEST STARTED ==========
2026-01-29 10:08:06.362 [main] INFO  common.CommonTest - [Login Test AI Generated Test Cases] Current state: NOT_LOGGED_IN
2026-01-29 10:08:46.476 [main] INFO  common.CommonTest - [Login Test AI Generated Test Cases] Already on HomePage (state: NOT_LOGGED_IN)
2026-01-29 10:08:46.481 [main] INFO  testcase_AIgen.LoginTestAIGeneration - 
[LG_AI.06] Password missing uppercase
2026-01-29 10:08:46.483 [main] INFO  page.HomePage - Clicking Sign In button
2026-01-29 10:10:17.326 [main] INFO  page.LoginPage - Attempting login expecting failure with email: user@test.com
2026-01-29 10:10:17.327 [main] INFO  page.LoginPage - Filling login form for email: user@test.com
2026-01-29 10:10:19.414 [main] INFO  page.LoginPage - Clicking Sign In button
2026-01-29 10:10:21.719 [main] INFO  testcase_AIgen.LoginTestAIGeneration - [LG_AI.06] PASSED
2026-01-29 10:10:21.722 [main] INFO  common.CommonTest - 
[Login Test AI Generated Test Cases] ========== CLEANUP STARTED ==========
2026-01-29 10:10:21.722 [main] INFO  common.CommonTest - [Login Test AI Generated Test Cases] Test Status: PASSED
2026-01-29 10:10:28.345 [main] INFO  page.HomePage - Waiting for HomePage to load...
2026-01-29 10:11:48.560 [main] INFO  page.HomePage - HomePage loaded successfully - State: NOT_LOGGED_IN
2026-01-29 10:12:28.709 [main] INFO  common.CommonTest - [Login Test AI Generated Test Cases] Reached HomePage successfully
2026-01-29 10:12:48.769 [main] INFO  common.CommonTest - [Login Test AI Generated Test Cases] Test PASSED & Already on HomePage -> No cleanup needed
2026-01-29 10:12:48.770 [main] INFO  common.CommonTest - [Login Test AI Generated Test Cases] ========== CLEANUP COMPLETED ==========

2026-01-29 10:12:48.772 [main] INFO  common.CommonTest - 
[Login Test AI Generated Test Cases] ========== TEST STARTED ==========
2026-01-29 10:13:28.875 [main] INFO  common.CommonTest - [Login Test AI Generated Test Cases] Current state: NOT_LOGGED_IN
2026-01-29 10:14:08.991 [main] INFO  common.CommonTest - [Login Test AI Generated Test Cases] Already on HomePage (state: NOT_LOGGED_IN)
2026-01-29 10:14:08.996 [main] INFO  testcase_AIgen.LoginTestAIGeneration - 
[LG_AI.07] Password missing lowercase
2026-01-29 10:14:08.999 [main] INFO  page.HomePage - Clicking Sign In button
2026-01-29 10:15:39.813 [main] INFO  page.LoginPage - Attempting login expecting failure with email: user@test.com
2026-01-29 10:15:39.814 [main] INFO  page.LoginPage - Filling login form for email: user@test.com
2026-01-29 10:15:41.905 [main] INFO  page.LoginPage - Clicking Sign In button
2026-01-29 10:15:44.099 [main] INFO  testcase_AIgen.LoginTestAIGeneration - [LG_AI.07] PASSED
2026-01-29 10:15:44.101 [main] INFO  common.CommonTest - 
[Login Test AI Generated Test Cases] ========== CLEANUP STARTED ==========
2026-01-29 10:15:44.101 [main] INFO  common.CommonTest - [Login Test AI Generated Test Cases] Test Status: PASSED
2026-01-29 10:15:50.729 [main] INFO  page.HomePage - Waiting for HomePage to load...
2026-01-29 10:17:10.961 [main] INFO  page.HomePage - HomePage loaded successfully - State: NOT_LOGGED_IN
2026-01-29 10:17:51.080 [main] INFO  common.CommonTest - [Login Test AI Generated Test Cases] Reached HomePage successfully
2026-01-29 10:18:11.150 [main] INFO  common.CommonTest - [Login Test AI Generated Test Cases] Test PASSED & Already on HomePage -> No cleanup needed
2026-01-29 10:18:11.150 [main] INFO  common.CommonTest - [Login Test AI Generated Test Cases] ========== CLEANUP COMPLETED ==========

2026-01-29 10:18:11.153 [main] INFO  common.CommonTest - 
[Login Test AI Generated Test Cases] ========== TEST STARTED ==========
2026-01-29 10:18:51.259 [main] INFO  common.CommonTest - [Login Test AI Generated Test Cases] Current state: NOT_LOGGED_IN
2026-01-29 10:19:31.378 [main] INFO  common.CommonTest - [Login Test AI Generated Test Cases] Already on HomePage (state: NOT_LOGGED_IN)
2026-01-29 10:19:31.385 [main] INFO  testcase_AIgen.LoginTestAIGeneration - 
[LG_AI.08] Password missing special character
2026-01-29 10:19:31.385 [main] INFO  page.HomePage - Clicking Sign In button
2026-01-29 10:21:02.204 [main] INFO  page.LoginPage - Attempting login expecting failure with email: user@test.com
2026-01-29 10:21:02.204 [main] INFO  page.LoginPage - Filling login form for email: user@test.com
2026-01-29 10:21:04.809 [main] INFO  page.LoginPage - Clicking Sign In button
2026-01-29 10:21:07.668 [main] INFO  testcase_AIgen.LoginTestAIGeneration - [LG_AI.08] PASSED
2026-01-29 10:21:07.671 [main] INFO  common.CommonTest - 
[Login Test AI Generated Test Cases] ========== CLEANUP STARTED ==========
2026-01-29 10:21:07.671 [main] INFO  common.CommonTest - [Login Test AI Generated Test Cases] Test Status: PASSED
2026-01-29 10:21:14.294 [main] INFO  page.HomePage - Waiting for HomePage to load...
2026-01-29 10:22:34.511 [main] INFO  page.HomePage - HomePage loaded successfully - State: NOT_LOGGED_IN
2026-01-29 10:23:14.623 [main] INFO  common.CommonTest - [Login Test AI Generated Test Cases] Reached HomePage successfully
2026-01-29 10:23:34.703 [main] INFO  common.CommonTest - [Login Test AI Generated Test Cases] Test PASSED & Already on HomePage -> No cleanup needed
2026-01-29 10:23:34.703 [main] INFO  common.CommonTest - [Login Test AI Generated Test Cases] ========== CLEANUP COMPLETED ==========

2026-01-29 10:23:34.708 [main] INFO  common.CommonTest - 
[Login Test AI Generated Test Cases] ========== TEST STARTED ==========
2026-01-29 10:24:14.842 [main] INFO  common.CommonTest - [Login Test AI Generated Test Cases] Current state: NOT_LOGGED_IN
2026-01-29 10:24:54.985 [main] INFO  common.CommonTest - [Login Test AI Generated Test Cases] Already on HomePage (state: NOT_LOGGED_IN)
2026-01-29 10:24:54.990 [main] INFO  testcase_AIgen.LoginTestAIGeneration - 
[LG_AI.09] Valid Email & Password
2026-01-29 10:24:54.991 [main] INFO  page.HomePage - Clicking Sign In button
2026-01-29 10:26:25.855 [main] INFO  page.LoginPage - Attempting login with email: khoadang@gmail.com
2026-01-29 10:26:25.855 [main] INFO  page.LoginPage - Filling login form for email: khoadang@gmail.com
2026-01-29 10:26:27.987 [main] INFO  page.LoginPage - Clicking Sign In button
2026-01-29 10:26:30.686 [main] INFO  page.HomePage - Waiting for HomePage to load...
2026-01-29 10:27:31.928 [main] INFO  page.HomePage - HomePage loaded successfully - State: LOGGED_IN
2026-01-29 10:27:31.928 [main] INFO  page.LoginPage - Login successful - HomePage loaded
2026-01-29 10:28:02.007 [main] INFO  testcase_AIgen.LoginTestAIGeneration - [LG_AI.09] PASSED
2026-01-29 10:28:02.012 [main] INFO  common.CommonTest - 
[Login Test AI Generated Test Cases] ========== CLEANUP STARTED ==========
2026-01-29 10:28:02.012 [main] INFO  common.CommonTest - [Login Test AI Generated Test Cases] Test Status: PASSED
2026-01-29 10:29:02.164 [main] INFO  common.CommonTest - [Login Test AI Generated Test Cases] Test PASSED & Logged in -> Performing logout
2026-01-29 10:29:02.165 [main] INFO  common.CommonTest - [Login Test AI Generated Test Cases] Logging out...
2026-01-29 10:29:02.199 [main] INFO  page.BasePage - Clicking Account menu item
2026-01-29 10:30:33.139 [main] INFO  page.AccountPage - Scrolling to Sign Out button and performing logout
2026-01-29 10:30:34.189 [main] INFO  page.AccountPage - Clicking Sign Out button
2026-01-29 10:30:36.255 [main] INFO  page.AccountPage - Confirming sign out
2026-01-29 10:30:46.424 [main] INFO  page.AccountPage - Sign out confirmed - modal closed
2026-01-29 10:30:46.425 [main] INFO  page.HomePage - Waiting for HomePage to load...
2026-01-29 10:32:06.638 [main] INFO  page.HomePage - HomePage loaded successfully - State: NOT_LOGGED_IN
2026-01-29 10:32:06.639 [main] INFO  common.CommonTest - [Login Test AI Generated Test Cases] Logged out successfully
2026-01-29 10:32:06.639 [main] INFO  common.CommonTest - [Login Test AI Generated Test Cases] ========== CLEANUP COMPLETED ==========

2026-01-29 10:32:06.642 [main] INFO  common.CommonTest - 
[Login Test AI Generated Test Cases] ========== TEST STARTED ==========
2026-01-29 10:32:46.761 [main] INFO  common.CommonTest - [Login Test AI Generated Test Cases] Current state: NOT_LOGGED_IN
2026-01-29 10:33:26.871 [main] INFO  common.CommonTest - [Login Test AI Generated Test Cases] Already on HomePage (state: NOT_LOGGED_IN)
2026-01-29 10:33:26.875 [main] INFO  testcase_AIgen.LoginTestAIGeneration - 
[LG_AI.10] Wrong Password
2026-01-29 10:33:26.876 [main] INFO  page.HomePage - Clicking Sign In button
2026-01-29 10:34:57.735 [main] INFO  page.LoginPage - Attempting login expecting failure with email: khoadang@gmail.com
2026-01-29 10:34:57.736 [main] INFO  page.LoginPage - Filling login form for email: khoadang@gmail.com
2026-01-29 10:34:59.901 [main] INFO  page.LoginPage - Clicking Sign In button
2026-01-29 10:35:02.134 [main] INFO  testcase_AIgen.LoginTestAIGeneration - [LG_AI.10] PASSED
2026-01-29 10:35:02.136 [main] INFO  common.CommonTest - 
[Login Test AI Generated Test Cases] ========== CLEANUP STARTED ==========
2026-01-29 10:35:02.136 [main] INFO  common.CommonTest - [Login Test AI Generated Test Cases] Test Status: PASSED
2026-01-29 10:35:09.308 [main] INFO  page.HomePage - Waiting for HomePage to load...
2026-01-29 10:36:29.540 [main] INFO  page.HomePage - HomePage loaded successfully - State: NOT_LOGGED_IN
2026-01-29 10:37:09.655 [main] INFO  common.CommonTest - [Login Test AI Generated Test Cases] Reached HomePage successfully
2026-01-29 10:37:29.736 [main] INFO  common.CommonTest - [Login Test AI Generated Test Cases] Test PASSED & Already on HomePage -> No cleanup needed
2026-01-29 10:37:29.737 [main] INFO  common.CommonTest - [Login Test AI Generated Test Cases] ========== CLEANUP COMPLETED ==========

2026-01-29 10:37:29.740 [main] INFO  common.BaseTest - Quitting driver...
2026-01-29 10:37:30.690 [main] INFO  common.BaseTest - ##### Appium server stopped.
